python : 2025-11-03 21:52:25,279 - app.ai.risk_management - INFO - \U0001f4b0 Position Sizing: $200.00 (2.00% of account)
At line:1 char:1
+ python test_ai_complete.py > test_output.txt 2>&1
+ ~~~~~~~~~~~~~~~~~~~~~~~~~~~~~~~~~~~~~~~~~~~~~~~~~
    + CategoryInfo          : NotSpecified: (2025-11-03 21:5...00% of account):String) [], RemoteException
    + FullyQualifiedErrorId : NativeCommandError
 
2025-11-03 21:52:25,279 - app.ai.risk_management - INFO -    Kelly: 12.5%, Vol Adj: 1.00, Conf Adj: 0.80
2025-11-03 21:52:25,279 - app.ai.risk_management - INFO - \U0001f4b0 Position Sizing: $200.00 (2.00% of account)
2025-11-03 21:52:25,279 - app.ai.risk_management - INFO -    Kelly: 12.5%, Vol Adj: 0.40, Conf Adj: 0.80
2025-11-03 21:52:25,279 - app.ai.risk_management - INFO - \U0001f4b0 Position Sizing: $200.00 (2.00% of account)
2025-11-03 21:52:25,279 - app.ai.risk_management - INFO -    Kelly: 12.5%, Vol Adj: 1.00, Conf Adj: 0.50
2025-11-03 21:52:25,286 - app.ai.market_analysis - INFO - \U0001f4ca Volume Analysis: STRONG_BULLISH (Score: 0.73)
2025-11-03 21:52:25,286 - app.ai.risk_management - INFO - \U0001f4dd Trade Logged: BTC/USDT BUY PnL: $+100.00 (+2.00%)
2025-11-03 21:52:25,286 - app.ai.risk_management - INFO - \U0001f4dd Trade Logged: ETH/USDT BUY PnL: $+90.00 (+3.00%)
2025-11-03 21:52:25,286 - app.ai.risk_management - INFO - \U0001f4dd Trade Logged: BTC/USDT BUY PnL: $+100.00 (+1.96%)
2025-11-03 21:52:25,286 - app.ai.risk_management - INFO - \U0001f4dd Trade Logged: BTC/USDT BUY PnL: $-100.00 (-1.92%)
2025-11-03 21:52:25,286 - app.ai.risk_management - INFO - \U0001f4dd Trade Logged: ETH/USDT BUY PnL: $-60.00 (-1.94%)
2025-11-03 21:52:25,286 - app.ai.risk_management - INFO - \U0001f4ca Performance Stats (30d): WR=60.0%, PF=1.81, Sharpe=5.60
2025-11-03 21:52:27,717 - app.ai.advanced_modules - INFO - \U0001f916 Starting Advanced AI Analysis for BTC/USDT
2025-11-03 21:52:27,724 - app.ai.advanced_modules - INFO - \U0001f4ca Market Regime: SIDEWAYS
2025-11-03 21:52:28,274 - app.ai.market_analysis - INFO - \U0001f4c8 Multi-TF Analysis: STRONG_BEARISH (Confidence: 77.2%)
2025-11-03 21:52:28,274 - app.ai.advanced_modules - INFO - \U0001f4c8 Multi-TF: STRONG_BEARISH (Conf: 77.2%)
2025-11-03 21:52:28,275 - app.ai.market_analysis - INFO - \U0001f4ca Volume Analysis: STRONG_BEARISH (Score: 0.33)
2025-11-03 21:52:28,275 - app.ai.advanced_modules - INFO - \ufffd Volume Analysis: STRONG_BEARISH (Score: 0.33)
2025-11-03 21:52:28,277 - app.ai.advanced_modules - INFO - \U0001f7e2 Bullish Reversal Detected (Confidence: 100.00%)
2025-11-03 21:52:28,278 - app.ai.advanced_modules - INFO - \U0001f3af Dynamic Levels: SL=0.92%, TP=1.84%, R:R=2.00
2025-11-03 21:52:28,279 - app.ai.market_analysis - WARNING - VWAP calculation error: single positional indexer is out-of-bounds
2025-11-03 21:52:28,280 - app.ai.market_analysis - WARNING - OBV calculation error: single positional indexer is out-of-bounds
2025-11-03 21:52:28,280 - app.ai.market_analysis - WARNING - Volume spike detection error: single positional indexer is out-of-bounds
2025-11-03 21:52:28,280 - app.ai.market_analysis - INFO - \U0001f4ca Volume Analysis: NEUTRAL (Score: 0.50)
2025-11-03 21:52:28,280 - app.ai.risk_management - WARNING - Invalid account balance
2025-11-03 21:52:28,283 - app.ai.risk_management - INFO - \U0001f4b0 Position Sizing: $200.00 (2.00% of account)
2025-11-03 21:52:28,283 - app.ai.risk_management - INFO -    Kelly: 18.0%, Vol Adj: 0.30, Conf Adj: 0.80
[OK] All modules imported successfully

================================================================================
ADVANCED AI TRADING SYSTEM - TEST SUITE
================================================================================
Started at: 2025-11-03 21:52:25
================================================================================

================================================================================
TEST 1: POSITION SIZING (Kelly Criterion)
================================================================================
[PASS] - Position Size - Normal Conditions
    Position size should be 1-3% of account in normal conditions
[FAIL] - Position Size - Volatility Adjustment
    High volatility should reduce position size
    Expected: < $200.00
    Actual: $200.00
[FAIL] - Position Size - Confidence Adjustment
    Low confidence should reduce position size
    Expected: < $200.00
    Actual: $200.00
[PASS] - Position Size - Max Risk Cap
    Position should never exceed max_risk_per_trade (2%)
[PASS] - Position Size - Minimum Size
    Position should never be less than 0.5% of account

Position Sizing Results:
   Kelly Fraction: 12.50%
   Volatility Multiplier: 1.00
   Confidence Multiplier: 0.80
   Final Position: $200.00 (2.00%)

================================================================================
TEST 2: ADAPTIVE TRAILING STOP LOSS
================================================================================
[PASS] - Adaptive Stop - Initial Calculation
    Stop loss should be calculated on initialization
[PASS] - Adaptive Stop - Below Entry (BUY)
    Stop loss should be below entry price for BUY position
[FAIL] - Adaptive Stop - Trailing
    Stop should trail up when price increases
    Expected: >= $49395.27
    Actual: $48646.11
[PASS] - Adaptive Stop - Hit Detection
    Stop should trigger when price falls below stop level
[PASS] - Adaptive Stop - No False Triggers
    Stop should NOT trigger when price is above stop level

Adaptive Stop Results:
   Entry Price: $50150.63
   Initial Stop: $49395.27 (1.51% away)
   After +5% Move: $48646.11
   Method Used: MIN
   ATR: $302.14

================================================================================
TEST 3: VOLUME ANALYSIS (VWAP, OBV, Volume Spikes)
================================================================================
[PASS] - Volume Analysis - Returns Score
    Analysis should return score between 0 and 1
[PASS] - Volume Analysis - VWAP Calculation
    VWAP should be calculated
[PASS] - Volume Analysis - OBV Trend
    OBV trend should be detected (RISING/FALLING/FLAT)
[PASS] - Volume Analysis - Spike Detection
    Volume spikes should be detected
[PASS] - Volume Analysis - Interpretation
    Should provide valid interpretation

Volume Analysis Results:
   Score: 0.73
   Interpretation: STRONG_BULLISH
   Price vs VWAP: +9.02%
   OBV Trend: RISING
   Volume Signal: NORMAL_VOLUME

================================================================================
TEST 4: PERFORMANCE TRACKING
================================================================================
[PASS] - Performance - Trade Count
    Should track all logged trades
[PASS] - Performance - Win Rate
    Win rate should be 60%
[PASS] - Performance - Profit Factor
    Profit factor should be > 1.0 for profitable strategy
[PASS] - Performance - Net P&L
    Net P&L should match sum of all trades
[PASS] - Performance - Sharpe Ratio
    Sharpe ratio should be calculated

Performance Tracking Results:
   Total Trades: 5
   Win Rate: 60.0%
   Profit Factor: 1.81
   Net P&L: $130.00
   Sharpe Ratio: 5.60
   Max Drawdown: 3.86%

================================================================================
TEST 5: FULL AI ANALYSIS INTEGRATION
================================================================================
[OK] Using real market data from Binance
[OK] Fetched real data for BTC/USDT
[PASS] - Full Analysis - Action
    Should return valid action
[PASS] - Full Analysis - Confidence
    Confidence should be between 0 and 1
[PASS] - Full Analysis - Risk Levels
    Should return stop loss and take profit levels
[FAIL] - Full Analysis - Position Size
    Should calculate position size
    Expected: > $0
    Actual: $0.00
[PASS] - Full Analysis - All Modules
    All required modules should be present

Full AI Analysis Results:
   Symbol: BTC/USDT
   Action: HOLD
   Confidence: 50.0%
   Reason: Volume analysis too negative (0.33)
   Current Price: $107973.30
   Position Size: $0.00 (0.00%)
   Stop Loss: $106978.61
   Take Profit: $109962.67
   Risk/Reward: 2.00

   Modules:
   - Regime: SIDEWAYS
   - Volume: STRONG_BEARISH
   - Multi-TF: STRONG_BEARISH

================================================================================
TEST 6: EDGE CASES AND ERROR HANDLING
================================================================================
[PASS] - Edge Case - Empty Data
    Should handle empty data gracefully
[PASS] - Edge Case - Zero Balance
    Should handle zero balance
[PASS] - Edge Case - Invalid Price Data
    Should handle invalid price data
[FAIL] - Edge Case - Extreme Volatility
    Should reduce position size in extreme volatility
    Expected: < $200
    Actual: $200.00

================================================================================
TEST SUMMARY
================================================================================
Total Tests: 29
Passed: 24
Failed: 5
Success Rate: 82.8%
================================================================================
